../Core/Src/main.c:97:6:HAL_CAN_RxFifo0MsgPendingCallback	16	static
../Core/Src/main.c:107:6:UART_ReceiveString	24	static
../Core/Src/main.c:134:5:main	40	static
../Core/Src/main.c:206:6:SystemClock_Config	88	static
../Core/Src/main.c:252:13:MX_CAN1_Init	48	static
../Core/Src/main.c:300:13:MX_USART1_UART_Init	8	static
../Core/Src/main.c:333:13:MX_USART2_UART_Init	8	static
../Core/Src/main.c:366:13:MX_GPIO_Init	48	static
../Core/Src/main.c:393:6:SOC_Calc	24	static
../Core/Src/main.c:405:6:SOH_Calc	40	static
../Core/Src/main.c:442:6:Error_Handler	4	static,ignoring_inline_asm
